// Jest Snapshot v1, https://goo.gl/fbAQLP

exports[`Secret Create Container should match snapshot 1`] = `
<Container>
  <SegmentGroup>
    <Segment>
      <ReduxForm />
      <ReduxForm />
      <ReduxForm />
      <ReduxForm />
      <Message
        hidden={true}
        success={true}
      />
      <Message
        error={true}
        hidden={true}
      />
    </Segment>
  </SegmentGroup>
</Container>
`;
